                                              Table "public.products"
       Column        |              Type              | Collation | Nullable |               Default                
---------------------+--------------------------------+-----------+----------+--------------------------------------
 id                  | integer                        |           | not null | nextval('products_id_seq'::regclass)
 sku                 | character varying(255)         |           | not null | 
 type                | character varying(255)         |           | not null | 
 parent_id           | integer                        |           |          | 
 attribute_family_id | integer                        |           |          | 
 additional          | json                           |           |          | 
 created_at          | timestamp(0) without time zone |           |          | 
 updated_at          | timestamp(0) without time zone |           |          | 
Indexes:
    "products_pkey" PRIMARY KEY, btree (id)
    "products_sku_unique" UNIQUE CONSTRAINT, btree (sku)
Foreign-key constraints:
    "products_attribute_family_id_foreign" FOREIGN KEY (attribute_family_id) REFERENCES attribute_families(id) ON DELETE RESTRICT
    "products_parent_id_foreign" FOREIGN KEY (parent_id) REFERENCES products(id) ON DELETE CASCADE
Referenced by:
    TABLE "booking_products" CONSTRAINT "booking_products_product_id_foreign" FOREIGN KEY (product_id) REFERENCES products(id) ON DELETE CASCADE
    TABLE "bookings" CONSTRAINT "bookings_product_id_foreign" FOREIGN KEY (product_id) REFERENCES products(id) ON DELETE SET NULL
    TABLE "cart_items" CONSTRAINT "cart_items_product_id_foreign" FOREIGN KEY (product_id) REFERENCES products(id) ON DELETE CASCADE
    TABLE "catalog_rule_product_prices" CONSTRAINT "catalog_rule_product_prices_product_id_foreign" FOREIGN KEY (product_id) REFERENCES products(id) ON DELETE CASCADE
    TABLE "catalog_rule_products" CONSTRAINT "catalog_rule_products_product_id_foreign" FOREIGN KEY (product_id) REFERENCES products(id) ON DELETE CASCADE
    TABLE "compare_items" CONSTRAINT "compare_items_product_id_foreign" FOREIGN KEY (product_id) REFERENCES products(id) ON UPDATE CASCADE ON DELETE CASCADE
    TABLE "product_attribute_values" CONSTRAINT "product_attribute_values_product_id_foreign" FOREIGN KEY (product_id) REFERENCES products(id) ON DELETE CASCADE
    TABLE "product_bundle_option_products" CONSTRAINT "product_bundle_option_products_product_id_foreign" FOREIGN KEY (product_id) REFERENCES products(id) ON DELETE CASCADE
    TABLE "product_bundle_options" CONSTRAINT "product_bundle_options_product_id_foreign" FOREIGN KEY (product_id) REFERENCES products(id) ON DELETE CASCADE
    TABLE "product_categories" CONSTRAINT "product_categories_product_id_foreign" FOREIGN KEY (product_id) REFERENCES products(id) ON DELETE CASCADE
    TABLE "product_channels" CONSTRAINT "product_channels_product_id_foreign" FOREIGN KEY (product_id) REFERENCES products(id) ON DELETE CASCADE
    TABLE "product_cross_sells" CONSTRAINT "product_cross_sells_child_id_foreign" FOREIGN KEY (child_id) REFERENCES products(id) ON DELETE CASCADE
    TABLE "product_cross_sells" CONSTRAINT "product_cross_sells_parent_id_foreign" FOREIGN KEY (parent_id) REFERENCES products(id) ON DELETE CASCADE
    TABLE "product_customer_group_prices" CONSTRAINT "product_customer_group_prices_product_id_foreign" FOREIGN KEY (product_id) REFERENCES products(id) ON DELETE CASCADE
    TABLE "product_customizable_options" CONSTRAINT "product_customizable_options_product_id_foreign" FOREIGN KEY (product_id) REFERENCES products(id) ON DELETE CASCADE
    TABLE "product_downloadable_links" CONSTRAINT "product_downloadable_links_product_id_foreign" FOREIGN KEY (product_id) REFERENCES products(id) ON DELETE CASCADE
    TABLE "product_downloadable_samples" CONSTRAINT "product_downloadable_samples_product_id_foreign" FOREIGN KEY (product_id) REFERENCES products(id) ON DELETE CASCADE
    TABLE "product_flat" CONSTRAINT "product_flat_product_id_foreign" FOREIGN KEY (product_id) REFERENCES products(id) ON DELETE CASCADE
    TABLE "product_grouped_products" CONSTRAINT "product_grouped_products_associated_product_id_foreign" FOREIGN KEY (associated_product_id) REFERENCES products(id) ON DELETE CASCADE
    TABLE "product_grouped_products" CONSTRAINT "product_grouped_products_product_id_foreign" FOREIGN KEY (product_id) REFERENCES products(id) ON DELETE CASCADE
    TABLE "product_images" CONSTRAINT "product_images_product_id_foreign" FOREIGN KEY (product_id) REFERENCES products(id) ON DELETE CASCADE
    TABLE "product_inventories" CONSTRAINT "product_inventories_product_id_foreign" FOREIGN KEY (product_id) REFERENCES products(id) ON DELETE CASCADE
    TABLE "product_inventory_indices" CONSTRAINT "product_inventory_indices_product_id_foreign" FOREIGN KEY (product_id) REFERENCES products(id) ON DELETE CASCADE
    TABLE "product_ordered_inventories" CONSTRAINT "product_ordered_inventories_product_id_foreign" FOREIGN KEY (product_id) REFERENCES products(id) ON DELETE CASCADE
    TABLE "product_price_indices" CONSTRAINT "product_price_indices_product_id_foreign" FOREIGN KEY (product_id) REFERENCES products(id) ON DELETE CASCADE
    TABLE "product_relations" CONSTRAINT "product_relations_child_id_foreign" FOREIGN KEY (child_id) REFERENCES products(id) ON DELETE CASCADE
    TABLE "product_relations" CONSTRAINT "product_relations_parent_id_foreign" FOREIGN KEY (parent_id) REFERENCES products(id) ON DELETE CASCADE
    TABLE "product_reviews" CONSTRAINT "product_reviews_product_id_foreign" FOREIGN KEY (product_id) REFERENCES products(id) ON DELETE CASCADE
    TABLE "product_super_attributes" CONSTRAINT "product_super_attributes_product_id_foreign" FOREIGN KEY (product_id) REFERENCES products(id) ON DELETE CASCADE
    TABLE "product_up_sells" CONSTRAINT "product_up_sells_child_id_foreign" FOREIGN KEY (child_id) REFERENCES products(id) ON DELETE CASCADE
    TABLE "product_up_sells" CONSTRAINT "product_up_sells_parent_id_foreign" FOREIGN KEY (parent_id) REFERENCES products(id) ON DELETE CASCADE
    TABLE "product_videos" CONSTRAINT "product_videos_product_id_foreign" FOREIGN KEY (product_id) REFERENCES products(id) ON DELETE CASCADE
    TABLE "products" CONSTRAINT "products_parent_id_foreign" FOREIGN KEY (parent_id) REFERENCES products(id) ON DELETE CASCADE
    TABLE "wishlist_items" CONSTRAINT "wishlist_items_product_id_foreign" FOREIGN KEY (product_id) REFERENCES products(id) ON DELETE CASCADE
    TABLE "wishlist" CONSTRAINT "wishlist_product_id_foreign" FOREIGN KEY (product_id) REFERENCES products(id) ON DELETE CASCADE

